Running Gradle task 'assembleRelease'...                        
flutter : lib/presentation/scr
eens/discord_server_screen.dar
t:291:52: Error: The getter 
'servers' isn't defined for 
the type 
'DiscordSearchProvider'.
At line:1 char:1
+ flutter build apk > 
build_output.txt 2>&1; 
Get-Content build_output.t ...
+ ~~~~~~~~~~~~~~~~~~~~~~~~~~~~
~~~~~~~~~~~~~
    + CategoryInfo          : 
    NotSpecified: (lib/prese  
  ntatio...earchProvider'.:   
 String) [], RemoteExcepti    
on
    + FullyQualifiedErrorId : 
    NativeCommandError
 
 - 'DiscordSearchProvider' is 
from 'package:kc_gallery_viewe
r/providers/discord_search_pro
vider.dart' ('lib/providers/di
scord_search_provider.dart').
Try correcting the name to 
the name of an existing 
getter, or defining a getter 
or field named 'servers'.
                if 
(provider.isLoading && 
provider.servers.isEmpty) {
                              
                     ^^^^^^^
Target 
kernel_snapshot_program 
failed: Exception


FAILURE: Build failed with an 
exception.

* What went wrong:
Execution failed for task ':ap
p:compileFlutterBuildRelease'.
> Process 'command 
'D:\flutter\bin\flutter.bat'' 
finished with non-zero exit 
value 1

* Try:
> Run with --stacktrace 
option to get the stack trace.
> Run with --info or --debug 
option to get more log output.
> Run with --scan to get full 
insights.
> Get more help at 
https://help.gradle.org.

BUILD FAILED in 30s
Running Gradle task 'assembleRelease'...                           30.3s
Gradle task assembleRelease 
failed with exit code 1
