
ERROR|COMPILE_TIME_ERROR|UNDEF
INED_GETTER|D:\\Project\\Flutt
er\\kemono_coomer_viewer - Cop
y\\lib\\presentation\\screens\
\creator_detail_screen.dart|10
76|40|16|The getter 
'mediaGridColumns' isn't 
defined for the type 
'SettingsProvider'.
ERROR|COMPILE_TIME_ERROR|UNDEF
INED_METHOD|D:\\Project\\Flutt
er\\kemono_coomer_viewer - Cop
y\\lib\\presentation\\screens\
\discord_channel_posts_screen.
dart|798|12|13|The method 
'AppErrorState' isn't defined 
for the type '_DiscordChannelP
ostsScreenState'.
ERROR|COMPILE_TIME_ERROR|CREAT
ION_WITH_NON_TYPE|D:\\Project\
\Flutter\\kemono_coomer_viewer
 - Copy\\lib\\presentation\\sc
reens\\discord_channel_posts_s
creen.dart|806|18|13|The name 
'AppEmptyState' isn't a class.
ERROR|COMPILE_TIME_ERROR|UNDEF
INED_NAMED_PARAMETER|D:\\Proje
ct\\Flutter\\kemono_coomer_vie
wer - Copy\\lib\\presentation\
\screens\\discord_post_detail_
screen.dart|253|7|6|The named 
parameter 'margin' isn't 
defined.
ERROR|COMPILE_TIME_ERROR|UNDEF
INED_NAMED_PARAMETER|D:\\Proje
ct\\Flutter\\kemono_coomer_vie
wer - Copy\\lib\\presentation\
\screens\\discord_post_detail_
screen.dart|259|7|7|The named 
parameter 'padding' isn't 
defined.
ERROR|COMPILE_TIME_ERROR|UNDEF
INED_NAMED_PARAMETER|D:\\Proje
ct\\Flutter\\kemono_coomer_vie
wer - Copy\\lib\\presentation\
\screens\\discord_post_detail_
screen.dart|260|7|10|The 
named parameter 'decoration' 
isn't defined.
ERROR|COMPILE_TIME_ERROR|UNDEF
INED_NAMED_PARAMETER|D:\\Proje
ct\\Flutter\\kemono_coomer_vie
wer - Copy\\lib\\presentation\
\screens\\discord_post_detail_
screen.dart|274|17|5|The 
named parameter 'width' isn't 
defined.
ERROR|COMPILE_TIME_ERROR|UNDEF
INED_NAMED_PARAMETER|D:\\Proje
ct\\Flutter\\kemono_coomer_vie
wer - Copy\\lib\\presentation\
\screens\\discord_post_detail_
screen.dart|275|17|6|The 
named parameter 'height' 
isn't defined.
ERROR|COMPILE_TIME_ERROR|UNDEF
INED_NAMED_PARAMETER|D:\\Proje
ct\\Flutter\\kemono_coomer_vie
wer - Copy\\lib\\presentation\
\screens\\discord_post_detail_
screen.dart|276|17|10|The 
named parameter 'decoration' 
isn't defined.
ERROR|COMPILE_TIME_ERROR|UNDEF
INED_NAMED_PARAMETER|D:\\Proje
ct\\Flutter\\kemono_coomer_vie
wer - Copy\\lib\\presentation\
\screens\\discord_post_detail_
screen.dart|309|27|7|The 
named parameter 'padding' 
isn't defined.
ERROR|COMPILE_TIME_ERROR|UNDEF
INED_NAMED_PARAMETER|D:\\Proje
ct\\Flutter\\kemono_coomer_vie
wer - Copy\\lib\\presentation\
\screens\\discord_post_detail_
screen.dart|313|27|10|The 
named parameter 'decoration' 
isn't defined.
ERROR|COMPILE_TIME_ERROR|UNDEF
INED_NAMED_PARAMETER|D:\\Proje
ct\\Flutter\\kemono_coomer_vie
wer - Copy\\lib\\presentation\
\screens\\discord_post_detail_
screen.dart|381|7|6|The named 
parameter 'margin' isn't 
defined.
ERROR|COMPILE_TIME_ERROR|UNDEF
INED_METHOD|D:\\Project\\Flutt
er\\kemono_coomer_viewer - Cop
y\\lib\\presentation\\screens\
\discord_post_detail_screen.da
rt|681|15|22|The method 
'_buildVideoPlaceholder' 
isn't defined for the type '_D
iscordPostDetailScreenState'.
ERROR|COMPILE_TIME_ERROR|OBSOL
ETE_COLON_FOR_DEFAULT_VALUE|D:
\\Project\\Flutter\\kemono_coo
mer_viewer - Copy\\lib\\presen
tation\\screens\\discord_post_
detail_screen.dart|690|22|1|Us
ing a colon as the separator 
before a default value is no 
longer supported.
ERROR|COMPILE_TIME_ERROR|OBSOL
ETE_COLON_FOR_DEFAULT_VALUE|D:
\\Project\\Flutter\\kemono_coo
mer_viewer - Copy\\lib\\presen
tation\\screens\\discord_post_
detail_screen.dart|691|22|1|Us
ing a colon as the separator 
before a default value is no 
longer supported.
ERROR|COMPILE_TIME_ERROR|CREAT
ION_WITH_NON_TYPE|D:\\Project\
\Flutter\\kemono_coomer_viewer
 - Copy\\lib\\presentation\\sc
reens\\discord_post_detail_scr
een.dart|691|30|6|The name 
'Center' isn't a class.
ERROR|COMPILE_TIME_ERROR|DUPLI
CATE_DEFINITION|D:\\Project\\F
lutter\\kemono_coomer_viewer 
- Copy\\lib\\presentation\\scr
eens\\discord_post_detail_scre
en.dart|695|13|9|The name 
'Container' is already 
defined.
ERROR|COMPILE_TIME_ERROR|OBSOL
ETE_COLON_FOR_DEFAULT_VALUE|D:
\\Project\\Flutter\\kemono_coo
mer_viewer - Copy\\lib\\presen
tation\\screens\\discord_post_
detail_screen.dart|695|28|1|Us
ing a colon as the separator 
before a default value is no 
longer supported.
ERROR|COMPILE_TIME_ERROR|CONST
_EVAL_METHOD_INVOCATION|D:\\Pr
oject\\Flutter\\kemono_coomer_
viewer - Copy\\lib\\presentati
on\\screens\\discord_post_deta
il_screen.dart|695|30|36|Metho
ds can't be invoked in 
constant expressions.
ERROR|COMPILE_TIME_ERROR|OBSOL
ETE_COLON_FOR_DEFAULT_VALUE|D:
\\Project\\Flutter\\kemono_coo
mer_viewer - Copy\\lib\\presen
tation\\screens\\discord_post_
detail_screen.dart|697|20|1|Us
ing a colon as the separator 
before a default value is no 
longer supported.
ERROR|COMPILE_TIME_ERROR|NON_C
ONSTANT_DEFAULT_VALUE|D:\\Proj
ect\\Flutter\\kemono_coomer_vi
ewer - Copy\\lib\\presentation
\\screens\\discord_post_detail
_screen.dart|697|22|533|The 
default value of an optional 
parameter must be constant.
ERROR|COMPILE_TIME_ERROR|UNDEF
INED_IDENTIFIER|D:\\Project\\F
lutter\\kemono_coomer_viewer 
- Copy\\lib\\presentation\\scr
eens\\discord_post_detail_scre
en.dart|723|41|7|Undefined 
name 'context'.
ERROR|COMPILE_TIME_ERROR|UNDEF
INED_IDENTIFIER|D:\\Project\\F
lutter\\kemono_coomer_viewer 
- Copy\\lib\\presentation\\scr
eens\\discord_post_detail_scre
en.dart|726|45|7|Undefined 
name 'context'.
ERROR|COMPILE_TIME_ERROR|UNDEF
INED_IDENTIFIER|D:\\Project\\F
lutter\\kemono_coomer_viewer 
- Copy\\lib\\presentation\\scr
eens\\discord_post_detail_scre
en.dart|740|42|7|Undefined 
name 'context'.
ERROR|COMPILE_TIME_ERROR|UNDEF
INED_IDENTIFIER|D:\\Project\\F
lutter\\kemono_coomer_viewer 
- Copy\\lib\\presentation\\scr
eens\\discord_post_detail_scre
en.dart|741|49|7|Undefined 
name 'context'.
ERROR|COMPILE_TIME_ERROR|UNDEF
INED_FUNCTION|D:\\Project\\Flu
tter\\kemono_coomer_viewer - C
opy\\lib\\presentation\\screen
s\\discord_post_detail_screen.
dart|832|5|17|The function 
'_ensureMediaCache' isn't 
defined.
ERROR|COMPILE_TIME_ERROR|UNDEF
INED_IDENTIFIER|D:\\Project\\F
lutter\\kemono_coomer_viewer 
- Copy\\lib\\presentation\\scr
eens\\discord_post_detail_scre
en.dart|833|25|6|Undefined 
name 'widget'.
ERROR|COMPILE_TIME_ERROR|UNDEF
INED_IDENTIFIER|D:\\Project\\F
lutter\\kemono_coomer_viewer 
- Copy\\lib\\presentation\\scr
eens\\discord_post_detail_scre
en.dart|836|35|7|Undefined 
name 'context'.
ERROR|COMPILE_TIME_ERROR|UNDEF
INED_IDENTIFIER|D:\\Project\\F
lutter\\kemono_coomer_viewer 
- Copy\\lib\\presentation\\scr
eens\\discord_post_detail_scre
en.dart|838|36|7|Undefined 
name 'context'.
ERROR|COMPILE_TIME_ERROR|UNDEF
INED_IDENTIFIER|D:\\Project\\F
lutter\\kemono_coomer_viewer 
- Copy\\lib\\presentation\\scr
eens\\discord_post_detail_scre
en.dart|847|42|7|Undefined 
name 'context'.
ERROR|COMPILE_TIME_ERROR|UNDEF
INED_IDENTIFIER|D:\\Project\\F
lutter\\kemono_coomer_viewer 
- Copy\\lib\\presentation\\scr
eens\\discord_post_detail_scre
en.dart|848|49|7|Undefined 
name 'context'.
ERROR|COMPILE_TIME_ERROR|UNDEF
INED_IDENTIFIER|D:\\Project\\F
lutter\\kemono_coomer_viewer 
- Copy\\lib\\presentation\\scr
eens\\discord_post_detail_scre
en.dart|862|55|7|Undefined 
name 'context'.
ERROR|COMPILE_TIME_ERROR|UNDEF
INED_FUNCTION|D:\\Project\\Flu
tter\\kemono_coomer_viewer - C
opy\\lib\\presentation\\screen
s\\discord_post_detail_screen.
dart|872|29|10|The function 
'_launchURL' isn't defined.
ERROR|COMPILE_TIME_ERROR|UNDEF
INED_IDENTIFIER|D:\\Project\\F
lutter\\kemono_coomer_viewer 
- Copy\\lib\\presentation\\scr
eens\\discord_post_detail_scre
en.dart|890|60|7|Undefined 
name 'context'.
ERROR|COMPILE_TIME_ERROR|UNDEF
INED_IDENTIFIER|D:\\Project\\F
lutter\\kemono_coomer_viewer 
- Copy\\lib\\presentation\\scr
eens\\discord_post_detail_scre
en.dart|891|67|7|Undefined 
name 'context'.
ERROR|COMPILE_TIME_ERROR|UNDEF
INED_IDENTIFIER|D:\\Project\\F
lutter\\kemono_coomer_viewer 
- Copy\\lib\\presentation\\scr
eens\\discord_post_detail_scre
en.dart|902|33|7|Undefined 
name 'context'.
ERROR|COMPILE_TIME_ERROR|UNDEF
INED_IDENTIFIER|D:\\Project\\F
lutter\\kemono_coomer_viewer 
- Copy\\lib\\presentation\\scr
eens\\discord_post_detail_scre
en.dart|925|9|6|Undefined 
name 'widget'.
ERROR|COMPILE_TIME_ERROR|UNDEF
INED_IDENTIFIER|D:\\Project\\F
lutter\\kemono_coomer_viewer 
- Copy\\lib\\presentation\\scr
eens\\discord_post_detail_scre
en.dart|926|35|7|Undefined 
name 'context'.
ERROR|COMPILE_TIME_ERROR|UNDEF
INED_IDENTIFIER|D:\\Project\\F
lutter\\kemono_coomer_viewer 
- Copy\\lib\\presentation\\scr
eens\\discord_post_detail_scre
en.dart|928|36|7|Undefined 
name 'context'.
ERROR|COMPILE_TIME_ERROR|UNDEF
INED_IDENTIFIER|D:\\Project\\F
lutter\\kemono_coomer_viewer 
- Copy\\lib\\presentation\\scr
eens\\discord_post_detail_scre
en.dart|942|42|7|Undefined 
name 'context'.
ERROR|COMPILE_TIME_ERROR|UNDEF
INED_IDENTIFIER|D:\\Project\\F
lutter\\kemono_coomer_viewer 
- Copy\\lib\\presentation\\scr
eens\\discord_post_detail_scre
en.dart|943|49|7|Undefined 
name 'context'.
ERROR|COMPILE_TIME_ERROR|UNDEF
INED_IDENTIFIER|D:\\Project\\F
lutter\\kemono_coomer_viewer 
- Copy\\lib\\presentation\\scr
eens\\discord_post_detail_scre
en.dart|949|19|6|Undefined 
name 'widget'.
ERROR|COMPILE_TIME_ERROR|UNDEF
INED_IDENTIFIER|D:\\Project\\F
lutter\\kemono_coomer_viewer 
- Copy\\lib\\presentation\\scr
eens\\discord_post_detail_scre
en.dart|951|15|7|Undefined 
name 'context'.
ERROR|COMPILE_TIME_ERROR|UNDEF
INED_IDENTIFIER|D:\\Project\\F
lutter\\kemono_coomer_viewer 
- Copy\\lib\\presentation\\scr
eens\\discord_post_detail_scre
en.dart|952|58|7|Undefined 
name 'context'.
ERROR|COMPILE_TIME_ERROR|UNDEF
INED_FUNCTION|D:\\Project\\Flu
tter\\kemono_coomer_viewer - C
opy\\lib\\presentation\\screen
s\\discord_post_detail_screen.
dart|958|21|10|The function 
'_launchURL' isn't defined.
ERROR|COMPILE_TIME_ERROR|UNDEF
INED_IDENTIFIER|D:\\Project\\F
lutter\\kemono_coomer_viewer 
- Copy\\lib\\presentation\\scr
eens\\discord_post_detail_scre
en.dart|969|26|7|Undefined 
name 'context'.
ERROR|COMPILE_TIME_ERROR|UNDEF
INED_GETTER|D:\\Project\\Flutt
er\\kemono_coomer_viewer - Cop
y\\lib\\presentation\\screens\
\discord_server_screen.dart|29
1|52|7|The getter 'servers' 
isn't defined for the type 
'DiscordSearchProvider'.
ERROR|COMPILE_TIME_ERROR|UNDEF
INED_NAMED_PARAMETER|D:\\Proje
ct\\Flutter\\kemono_coomer_vie
wer - Copy\\lib\\presentation\
\screens\\post_detail_screen.d
art|1089|7|10|The named 
parameter 'shrinkWrap' isn't 
defined.
ERROR|COMPILE_TIME_ERROR|UNDEF
INED_NAMED_PARAMETER|D:\\Proje
ct\\Flutter\\kemono_coomer_vie
wer - Copy\\lib\\presentation\
\screens\\post_detail_screen.d
art|1090|7|7|The named 
parameter 'physics' isn't 
defined.
ERROR|COMPILE_TIME_ERROR|UNDEF
INED_NAMED_PARAMETER|D:\\Proje
ct\\Flutter\\kemono_coomer_vie
wer - Copy\\lib\\presentation\
\screens\\post_detail_screen.d
art|1094|7|7|The named 
parameter 'padding' isn't 
defined.
ERROR|COMPILE_TIME_ERROR|UNDEF
INED_NAMED_PARAMETER|D:\\Proje
ct\\Flutter\\kemono_coomer_vie
wer - Copy\\lib\\presentation\
\screens\\post_detail_screen.d
art|1095|7|9|The named 
parameter 'itemCount' isn't 
defined.
ERROR|COMPILE_TIME_ERROR|UNDEF
INED_NAMED_PARAMETER|D:\\Proje
ct\\Flutter\\kemono_coomer_vie
wer - Copy\\lib\\presentation\
\screens\\post_detail_screen.d
art|1096|7|11|The named 
parameter 'itemBuilder' isn't 
defined.
ERROR|COMPILE_TIME_ERROR|UNDEF
INED_METHOD|D:\\Project\\Flutt
er\\kemono_coomer_viewer - Cop
y\\lib\\presentation\\screens\
\post_detail_screen.dart|2843|
7|5|The method 'catch' isn't 
defined for the type 
'_PostDetailScreenState'.


